2025-10-30 13:07:10 | steam_predictions         | INFO     | ============================================================
2025-10-30 13:07:10 | steam_predictions         | INFO     | Steam Game Recommendation Prediction System
2025-10-30 13:07:10 | steam_predictions         | INFO     | Notebook initialized at 2025-10-30 13:07:10
2025-10-30 13:07:10 | steam_predictions         | INFO     | ============================================================
2025-10-30 13:07:51 | steam_predictions         | INFO     | Loading data from steam_reviews.csv
2025-10-30 13:07:52 | steam_predictions         | INFO     | Loaded 50,000 reviews with 23 columns
2025-10-30 13:10:24 | steam_predictions         | INFO     | Starting text feature engineering
2025-10-30 13:10:24 | steam_predictions         | WARNING  | Found 188 missing review texts, filling with empty string
2025-10-30 13:10:25 | steam_predictions         | INFO     | Computing sentiment scores (TextBlob)
2025-10-30 13:10:28 | steam_predictions         | INFO     | Created 13 text-based features
2025-10-30 13:11:50 | steam_predictions         | INFO     | Starting numeric and behavioral feature engineering
2025-10-30 13:11:50 | steam_predictions         | INFO     | Extracting PUBG-specific keyword features
2025-10-30 13:11:50 | steam_predictions         | INFO     | Created 25 numeric and behavioral features
2025-10-30 13:11:57 | steam_predictions         | INFO     | Preparing final feature matrix
2025-10-30 13:11:57 | steam_predictions         | INFO     | Feature summary: 32 total features
2025-10-30 13:11:57 | steam_predictions         | INFO     | Train/test split complete
2025-10-30 13:11:57 | steam_predictions         | INFO     |   Training: 40,000 samples × 32 features
2025-10-30 13:11:57 | steam_predictions         | INFO     |   Testing:  10,000 samples × 32 features
2025-10-30 13:11:57 | steam_predictions         | INFO     |   Class distribution (train): 27,866 positive (69.66%)
2025-10-30 13:11:57 | steam_predictions         | INFO     |   Class distribution (test):  6,967 positive (69.67%)
2025-10-30 13:26:56 | steam_predictions         | INFO     | Starting text feature engineering
2025-10-30 13:26:56 | steam_predictions         | INFO     | Computing sentiment scores (TextBlob)
2025-10-30 13:26:59 | steam_predictions         | INFO     | Created subset with 7 features
2025-10-30 13:33:07 | steam_predictions         | INFO     | Loading data from steam_reviews.csv
2025-10-30 13:33:08 | steam_predictions         | INFO     | Loaded 50,000 reviews with 33 columns
2025-10-30 13:40:22 | steam_predictions         | INFO     | Starting text feature engineering
2025-10-30 13:40:22 | steam_predictions         | WARNING  | Found 188 missing review texts, filling with empty string
2025-10-30 13:40:22 | steam_predictions         | INFO     | Computing sentiment scores (TextBlob)
2025-10-30 13:48:33 | steam_predictions         | INFO     | Starting feature engineering
2025-10-30 13:48:33 | steam_predictions         | INFO     | Computing word_count from review_text
2025-10-30 13:48:33 | steam_predictions         | INFO     | Computing sentiment_polarity using TextBlob
2025-10-30 13:48:36 | steam_predictions         | INFO     | Computing log_playtime_at_review
2025-10-30 13:48:36 | steam_predictions         | INFO     | Filled missing game_price with 0
2025-10-30 13:48:36 | steam_predictions         | INFO     | Filled missing game_genre with 'Unknown'
2025-10-30 13:48:36 | steam_predictions         | INFO     | Filled missing game_description with empty string
2025-10-30 13:48:36 | steam_predictions         | INFO     | Created feature subset with 10 features
2025-10-30 13:48:36 | steam_predictions         | INFO     | Subset shape: (50000, 10)
2025-10-30 14:31:29 | steam_predictions         | INFO     | ============================================================
2025-10-30 14:31:29 | steam_predictions         | INFO     | Steam Game Recommendation Prediction System
2025-10-30 14:31:29 | steam_predictions         | INFO     | Notebook initialized at 2025-10-30 14:31:29
2025-10-30 14:31:29 | steam_predictions         | INFO     | ============================================================
2025-10-30 14:34:30 | steam_predictions         | INFO     | Loading data from steam_reviews.csv
2025-10-30 14:34:30 | steam_predictions         | INFO     | Loaded 22,700 reviews with 33 columns
2025-10-30 14:34:30 | steam_predictions         | INFO     | Starting feature engineering
2025-10-30 14:34:30 | steam_predictions         | WARNING  | Found 90 missing review texts, filling with empty string
2025-10-30 14:34:31 | steam_predictions         | INFO     | Computing word_count from review_text
2025-10-30 14:34:31 | steam_predictions         | INFO     | Computing sentiment_polarity using TextBlob
2025-10-30 14:34:32 | steam_predictions         | INFO     | Computing log_playtime_at_review
2025-10-30 14:34:32 | steam_predictions         | INFO     | Filled missing game_price with 0
2025-10-30 14:34:32 | steam_predictions         | INFO     | Filled missing game_genre with 'Unknown'
2025-10-30 14:34:32 | steam_predictions         | INFO     | Filled missing game_description with empty string
2025-10-30 14:34:32 | steam_predictions         | INFO     | Created feature subset with 10 features
2025-10-30 14:34:32 | steam_predictions         | INFO     | Subset shape: (22700, 10)
2025-10-30 15:07:09 | steam_predictions         | INFO     | ============================================================
2025-10-30 15:07:09 | steam_predictions         | INFO     | Steam Game Recommendation Prediction System
2025-10-30 15:07:09 | steam_predictions         | INFO     | Notebook initialized at 2025-10-30 15:07:09
2025-10-30 15:07:09 | steam_predictions         | INFO     | ============================================================
2025-10-30 15:07:13 | steam_predictions         | INFO     | ============================================================
2025-10-30 15:07:13 | steam_predictions         | INFO     | Starting Model Training Phase
2025-10-30 15:07:13 | steam_predictions         | INFO     | ============================================================
2025-10-30 15:07:13 | steam_predictions         | INFO     | Preparing train-test split
2025-10-30 15:07:30 | steam_predictions         | INFO     | Starting feature engineering
2025-10-30 15:07:48 | steam_predictions         | INFO     | Starting feature engineering
2025-10-30 15:08:17 | steam_predictions         | INFO     | Loading data from steam_reviews.csv
2025-10-30 15:08:17 | steam_predictions         | INFO     | Loaded 22,700 reviews with 33 columns
2025-10-30 15:08:21 | steam_predictions         | INFO     | Loading data from steam_reviews.csv
2025-10-30 15:08:21 | steam_predictions         | INFO     | Loaded 22,700 reviews with 33 columns
2025-10-30 15:08:25 | steam_predictions         | INFO     | Starting feature engineering
2025-10-30 15:08:25 | steam_predictions         | WARNING  | Found 90 missing review texts, filling with empty string
2025-10-30 15:08:25 | steam_predictions         | INFO     | Computing word_count from review_text
2025-10-30 15:08:25 | steam_predictions         | INFO     | Computing sentiment_polarity using TextBlob
2025-10-30 15:08:26 | steam_predictions         | INFO     | Computing log_playtime_at_review
2025-10-30 15:08:26 | steam_predictions         | INFO     | Filled missing game_price with 0
2025-10-30 15:08:26 | steam_predictions         | INFO     | Filled missing game_genre with 'Unknown'
2025-10-30 15:08:26 | steam_predictions         | INFO     | Filled missing game_description with empty string
2025-10-30 15:08:26 | steam_predictions         | INFO     | Created feature subset with 10 features
2025-10-30 15:08:26 | steam_predictions         | INFO     | Subset shape: (22700, 10)
2025-10-30 15:08:30 | steam_predictions         | INFO     | ============================================================
2025-10-30 15:08:30 | steam_predictions         | INFO     | Starting Model Training Phase
2025-10-30 15:08:30 | steam_predictions         | INFO     | ============================================================
2025-10-30 15:08:30 | steam_predictions         | INFO     | Preparing train-test split
2025-10-30 15:08:30 | steam_predictions         | INFO     | Training set: 18,160 samples
2025-10-30 15:08:30 | steam_predictions         | INFO     | Test set: 4,540 samples
2025-10-30 15:08:30 | steam_predictions         | INFO     | Class distribution (train): Positive=12,477 (68.71%), Negative=5,683 (31.29%)
2025-10-30 15:08:30 | steam_predictions         | INFO     | 
Training multiple model variants...
2025-10-30 15:08:30 | steam_predictions         | INFO     | 
1. Training Logistic Regression...
2025-10-30 15:08:30 | steam_predictions         | INFO     | Initializing classifier training pipeline
2025-10-30 15:08:30 | steam_predictions         | INFO     | Numeric features: 6
2025-10-30 15:08:30 | steam_predictions         | INFO     | Categorical features: 1
2025-10-30 15:08:30 | steam_predictions         | INFO     | Text features: 2
2025-10-30 15:08:30 | steam_predictions         | INFO     | Building preprocessing pipeline
2025-10-30 15:08:30 | steam_predictions         | INFO     | Using provided model: LogisticRegression
2025-10-30 15:08:30 | steam_predictions         | INFO     | Training on 18,160 samples with 9 features
2025-10-30 15:08:31 | steam_predictions         | INFO     | Model training completed successfully
2025-10-30 15:08:31 | steam_predictions         | INFO     | 
2. Training Random Forest...
2025-10-30 15:08:31 | steam_predictions         | INFO     | Initializing classifier training pipeline
2025-10-30 15:08:31 | steam_predictions         | INFO     | Numeric features: 6
2025-10-30 15:08:31 | steam_predictions         | INFO     | Categorical features: 1
2025-10-30 15:08:31 | steam_predictions         | INFO     | Text features: 2
2025-10-30 15:08:31 | steam_predictions         | INFO     | Building preprocessing pipeline
2025-10-30 15:08:31 | steam_predictions         | INFO     | Using provided model: RandomForestClassifier
2025-10-30 15:08:31 | steam_predictions         | INFO     | Training on 18,160 samples with 9 features
2025-10-30 15:08:35 | steam_predictions         | INFO     | Model training completed successfully
2025-10-30 15:08:35 | steam_predictions         | INFO     | 
3. Training XGBoost...
2025-10-30 15:08:35 | steam_predictions         | INFO     | Initializing classifier training pipeline
2025-10-30 15:08:35 | steam_predictions         | INFO     | Numeric features: 6
2025-10-30 15:08:35 | steam_predictions         | INFO     | Categorical features: 1
2025-10-30 15:08:35 | steam_predictions         | INFO     | Text features: 2
2025-10-30 15:08:35 | steam_predictions         | INFO     | Building preprocessing pipeline
2025-10-30 15:08:35 | steam_predictions         | INFO     | Using provided model: XGBClassifier
2025-10-30 15:08:35 | steam_predictions         | INFO     | Training on 18,160 samples with 9 features
2025-10-30 15:08:36 | steam_predictions         | INFO     | Model training completed successfully
2025-10-30 15:08:36 | steam_predictions         | INFO     | 
4. Training SVM...
2025-10-30 15:08:36 | steam_predictions         | INFO     | Initializing classifier training pipeline
2025-10-30 15:08:36 | steam_predictions         | INFO     | Numeric features: 6
2025-10-30 15:08:36 | steam_predictions         | INFO     | Categorical features: 1
2025-10-30 15:08:36 | steam_predictions         | INFO     | Text features: 2
2025-10-30 15:08:36 | steam_predictions         | INFO     | Building preprocessing pipeline
2025-10-30 15:08:36 | steam_predictions         | INFO     | Using provided model: SVC
2025-10-30 15:08:36 | steam_predictions         | INFO     | Training on 18,160 samples with 9 features
2025-10-30 15:09:18 | steam_predictions         | INFO     | Model training completed successfully
2025-10-30 15:09:18 | steam_predictions         | INFO     | 
5. Training Naive Bayes...
2025-10-30 15:09:18 | steam_predictions         | INFO     | Initializing classifier training pipeline
2025-10-30 15:09:18 | steam_predictions         | INFO     | Numeric features: 6
2025-10-30 15:09:18 | steam_predictions         | INFO     | Categorical features: 1
2025-10-30 15:09:18 | steam_predictions         | INFO     | Text features: 2
2025-10-30 15:09:18 | steam_predictions         | INFO     | Building preprocessing pipeline
2025-10-30 15:09:18 | steam_predictions         | INFO     | Using provided model: GaussianNB
2025-10-30 15:09:18 | steam_predictions         | INFO     | Training on 18,160 samples with 9 features
2025-10-30 15:13:21 | steam_predictions         | INFO     | ============================================================
2025-10-30 15:13:21 | steam_predictions         | INFO     | Starting Model Training Phase
2025-10-30 15:13:21 | steam_predictions         | INFO     | ============================================================
2025-10-30 15:13:21 | steam_predictions         | INFO     | Preparing train-test split
2025-10-30 15:13:21 | steam_predictions         | INFO     | Training set: 18,160 samples
2025-10-30 15:13:21 | steam_predictions         | INFO     | Test set: 4,540 samples
2025-10-30 15:13:21 | steam_predictions         | INFO     | Class distribution (train): Positive=12,477 (68.71%), Negative=5,683 (31.29%)
2025-10-30 15:13:21 | steam_predictions         | INFO     | Training multiple model variants...
2025-10-30 15:13:21 | steam_predictions         | INFO     | 1. Training Logistic Regression...
2025-10-30 15:13:21 | steam_predictions         | INFO     | Initializing classifier training pipeline
2025-10-30 15:13:21 | steam_predictions         | INFO     | Numeric features: 6
2025-10-30 15:13:21 | steam_predictions         | INFO     | Categorical features: 1
2025-10-30 15:13:21 | steam_predictions         | INFO     | Text features: 2
2025-10-30 15:13:21 | steam_predictions         | INFO     | Building preprocessing pipeline
2025-10-30 15:13:21 | steam_predictions         | INFO     | Using provided model: LogisticRegression
2025-10-30 15:13:21 | steam_predictions         | INFO     | Training on 18,160 samples with 9 features
2025-10-30 15:13:22 | steam_predictions         | INFO     | Model training completed successfully
2025-10-30 15:13:22 | steam_predictions         | INFO     | 2. Training Random Forest...
2025-10-30 15:13:22 | steam_predictions         | INFO     | Initializing classifier training pipeline
2025-10-30 15:13:22 | steam_predictions         | INFO     | Numeric features: 6
2025-10-30 15:13:22 | steam_predictions         | INFO     | Categorical features: 1
2025-10-30 15:13:22 | steam_predictions         | INFO     | Text features: 2
2025-10-30 15:13:22 | steam_predictions         | INFO     | Building preprocessing pipeline
2025-10-30 15:13:22 | steam_predictions         | INFO     | Using provided model: RandomForestClassifier
2025-10-30 15:13:22 | steam_predictions         | INFO     | Training on 18,160 samples with 9 features
2025-10-30 15:13:26 | steam_predictions         | INFO     | Model training completed successfully
2025-10-30 15:13:26 | steam_predictions         | INFO     | 3. Training XGBoost...
2025-10-30 15:13:26 | steam_predictions         | INFO     | Initializing classifier training pipeline
2025-10-30 15:13:26 | steam_predictions         | INFO     | Numeric features: 6
2025-10-30 15:13:26 | steam_predictions         | INFO     | Categorical features: 1
2025-10-30 15:13:26 | steam_predictions         | INFO     | Text features: 2
2025-10-30 15:13:26 | steam_predictions         | INFO     | Building preprocessing pipeline
2025-10-30 15:13:26 | steam_predictions         | INFO     | Using provided model: XGBClassifier
2025-10-30 15:13:26 | steam_predictions         | INFO     | Training on 18,160 samples with 9 features
2025-10-30 15:13:27 | steam_predictions         | INFO     | Model training completed successfully
2025-10-30 15:13:27 | steam_predictions         | INFO     | 4. Training SVM...
2025-10-30 15:13:27 | steam_predictions         | INFO     | Initializing classifier training pipeline
2025-10-30 15:13:27 | steam_predictions         | INFO     | Numeric features: 6
2025-10-30 15:13:27 | steam_predictions         | INFO     | Categorical features: 1
2025-10-30 15:13:27 | steam_predictions         | INFO     | Text features: 2
2025-10-30 15:13:27 | steam_predictions         | INFO     | Building preprocessing pipeline
2025-10-30 15:13:27 | steam_predictions         | INFO     | Using provided model: SVC
2025-10-30 15:13:27 | steam_predictions         | INFO     | Training on 18,160 samples with 9 features
2025-10-30 15:14:09 | steam_predictions         | INFO     | Model training completed successfully
2025-10-30 15:14:09 | steam_predictions         | INFO     | 5. Training default model...
2025-10-30 15:14:09 | steam_predictions         | INFO     | Initializing classifier training pipeline
2025-10-30 15:14:09 | steam_predictions         | INFO     | Numeric features: 6
2025-10-30 15:14:09 | steam_predictions         | INFO     | Categorical features: 1
2025-10-30 15:14:09 | steam_predictions         | INFO     | Text features: 2
2025-10-30 15:14:09 | steam_predictions         | INFO     | Building preprocessing pipeline
2025-10-30 15:14:09 | steam_predictions         | INFO     | Using default model: LogisticRegression
2025-10-30 15:14:09 | steam_predictions         | INFO     | Training on 18,160 samples with 9 features
2025-10-30 15:14:09 | steam_predictions         | INFO     | Model training completed successfully
2025-10-30 15:14:09 | steam_predictions         | INFO     | ============================================================
2025-10-30 15:14:09 | steam_predictions         | INFO     | All models trained successfully
2025-10-30 15:14:09 | steam_predictions         | INFO     | ============================================================
2025-10-30 15:14:09 | steam_predictions         | INFO     | Comparing 5 models
2025-10-30 15:14:09 | steam_predictions         | INFO     | Initializing classifier training pipeline
2025-10-30 15:14:09 | steam_predictions         | INFO     | Numeric features: 6
2025-10-30 15:14:09 | steam_predictions         | INFO     | Categorical features: 1
2025-10-30 15:14:09 | steam_predictions         | INFO     | Text features: 2
2025-10-30 15:14:09 | steam_predictions         | INFO     | Building preprocessing pipeline
2025-10-30 15:14:09 | steam_predictions         | INFO     | Using provided model: LogisticRegression
2025-10-30 15:14:09 | steam_predictions         | INFO     | Training on 18,160 samples with 9 features
2025-10-30 15:14:10 | steam_predictions         | INFO     | Model training completed successfully
2025-10-30 15:14:10 | steam_predictions         | INFO     | Logistic Regression: Accuracy=0.8192, AUC-ROC=0.8667, Time=0.33s
2025-10-30 15:14:10 | steam_predictions         | INFO     | Initializing classifier training pipeline
2025-10-30 15:14:10 | steam_predictions         | INFO     | Numeric features: 6
2025-10-30 15:14:10 | steam_predictions         | INFO     | Categorical features: 1
2025-10-30 15:14:10 | steam_predictions         | INFO     | Text features: 2
2025-10-30 15:14:10 | steam_predictions         | INFO     | Building preprocessing pipeline
2025-10-30 15:14:10 | steam_predictions         | INFO     | Using provided model: RandomForestClassifier
2025-10-30 15:14:10 | steam_predictions         | INFO     | Training on 18,160 samples with 9 features
2025-10-30 15:14:15 | steam_predictions         | INFO     | Model training completed successfully
2025-10-30 15:14:15 | steam_predictions         | INFO     | Random Forest: Accuracy=0.8104, AUC-ROC=0.8660, Time=4.85s
2025-10-30 15:14:15 | steam_predictions         | INFO     | Initializing classifier training pipeline
2025-10-30 15:14:15 | steam_predictions         | INFO     | Numeric features: 6
2025-10-30 15:14:15 | steam_predictions         | INFO     | Categorical features: 1
2025-10-30 15:14:15 | steam_predictions         | INFO     | Text features: 2
2025-10-30 15:14:15 | steam_predictions         | INFO     | Building preprocessing pipeline
2025-10-30 15:14:15 | steam_predictions         | INFO     | Using provided model: XGBClassifier
2025-10-30 15:14:15 | steam_predictions         | INFO     | Training on 18,160 samples with 9 features
2025-10-30 15:14:16 | steam_predictions         | INFO     | Model training completed successfully
2025-10-30 15:14:16 | steam_predictions         | INFO     | XGBoost: Accuracy=0.8207, AUC-ROC=0.8775, Time=0.63s
2025-10-30 15:14:16 | steam_predictions         | INFO     | Initializing classifier training pipeline
2025-10-30 15:14:16 | steam_predictions         | INFO     | Numeric features: 6
2025-10-30 15:14:16 | steam_predictions         | INFO     | Categorical features: 1
2025-10-30 15:14:16 | steam_predictions         | INFO     | Text features: 2
2025-10-30 15:14:16 | steam_predictions         | INFO     | Building preprocessing pipeline
2025-10-30 15:14:16 | steam_predictions         | INFO     | Using provided model: GradientBoostingClassifier
2025-10-30 15:14:16 | steam_predictions         | INFO     | Training on 18,160 samples with 9 features
2025-10-30 15:14:18 | steam_predictions         | INFO     | Model training completed successfully
2025-10-30 15:14:19 | steam_predictions         | INFO     | Gradient Boosting: Accuracy=0.8196, AUC-ROC=0.8707, Time=2.76s
2025-10-30 15:14:19 | steam_predictions         | INFO     | Initializing classifier training pipeline
2025-10-30 15:14:19 | steam_predictions         | INFO     | Numeric features: 6
2025-10-30 15:14:19 | steam_predictions         | INFO     | Categorical features: 1
2025-10-30 15:14:19 | steam_predictions         | INFO     | Text features: 2
2025-10-30 15:14:19 | steam_predictions         | INFO     | Building preprocessing pipeline
2025-10-30 15:14:19 | steam_predictions         | INFO     | Using provided model: SVC
2025-10-30 15:14:19 | steam_predictions         | INFO     | Training on 18,160 samples with 9 features
2025-10-30 15:15:01 | steam_predictions         | INFO     | Model training completed successfully
2025-10-30 15:15:04 | steam_predictions         | INFO     | SVM: Accuracy=0.8233, AUC-ROC=0.8736, Time=42.20s
2025-10-30 15:15:04 | steam_predictions         | INFO     | Best model: SVM with accuracy 0.8233
2025-10-30 15:59:59 | steam_predictions         | INFO     | Generating DICE counterfactuals
2025-10-30 15:59:59 | steam_predictions         | INFO     | Generated 2 counterfactuals
2025-10-30 15:59:59 | steam_predictions         | INFO     | Generating anchor explanation
2025-10-30 15:59:59 | steam_predictions         | INFO     | Anchor found with precision 99.0%
